
> chisfis-template@2.1.0 build
> prisma generate && prisma db push && next build

Environment variables loaded from .env
Prisma schema loaded from prisma\schema.prisma

Γ£ö Generated Prisma Client (v5.22.0) to .\node_modules\@prisma\client in 117ms

Start by importing your Prisma Client (See: https://pris.ly/d/importing-client)

Tip: Want to turn off tips and other hints? https://pris.ly/tip-4-nohints

Environment variables loaded from .env
Prisma schema loaded from prisma\schema.prisma
Datasource "db": PostgreSQL database "nerd_society-update", schema "public" at "localhost:5432"

The database is already in sync with the Prisma schema.

Running generate... (Use --skip-generate to skip the generators)
[2K[1A[2K[GRunning generate... - Prisma Client
[2K[1A[2K[GΓ£ö Generated Prisma Client (v5.22.0) to .\node_modules\@prisma\client in 112ms

   Γû▓ Next.js 16.0.10 (Turbopack)
   - Environments: .env

node.exe :  ΓÜá The "middleware" file 
convention is deprecated. Please use 
"proxy" instead. Learn more: https://nex
tjs.org/docs/messages/middleware-to-prox
y
At C:\Program Files\nodejs\npm.ps1:29 
char:3
+   & $NODE_EXE $NPM_CLI_JS $args
+   ~~~~~~~~~~~~~~~~~~~~~~~~~~~~~
    + CategoryInfo          : NotSpecif 
   ied: ( ΓÜá The "middl...leware-to-p  
  roxy:String) [], RemoteException
    + FullyQualifiedErrorId : NativeCom 
   mandError
 
   Creating an optimized production build ...

> Build error occurred
Error: Turbopack build failed with 6 
errors:
./src/app/(app)/(categories)/MapFixedSec
tion.tsx:1:1
Module not found: Can't resolve 
'@/components/CarCard'
[0m[31m[1m>[22m[39m[90m 1 |[39m 
[36mimport[39m [33mCarCard[39m 
[36mfrom[39m 
[32m'@/components/CarCard'[39m
 [90m   |[39m [31m[1m^[22m[39m[31
m[1m^[22m[39m[31m[1m^[22m[39m[31
m[1m^[22m[39m[31m[1m^[22m[39m[31
m[1m^[22m[39m[31m[1m^[22m[39m[31
m[1m^[22m[39m[31m[1m^[22m[39m[31
m[1m^[22m[39m[31m[1m^[22m[39m[31
m[1m^[22m[39m[31m[1m^[22m[39m[31
m[1m^[22m[39m[31m[1m^[22m[39m[31
m[1m^[22m[39m[31m[1m^[22m[39m[31
m[1m^[22m[39m[31m[1m^[22m[39m[31
m[1m^[22m[39m[31m[1m^[22m[39m[31
m[1m^[22m[39m[31m[1m^[22m[39m[31
m[1m^[22m[39m[31m[1m^[22m[39m[31
m[1m^[22m[39m[31m[1m^[22m[39m[31
m[1m^[22m[39m[31m[1m^[22m[39m[31
m[1m^[22m[39m[31m[1m^[22m[39m[31
m[1m^[22m[39m[31m[1m^[22m[39m[31
m[1m^[22m[39m[31m[1m^[22m[39m[31
m[1m^[22m[39m[31m[1m^[22m[39m[31
m[1m^[22m[39m[31m[1m^[22m[39m[31
m[1m^[22m[39m[31m[1m^[22m[39m[31
m[1m^[22m[39m
 [90m 2 |[39m [36mimport[39m 
[33mExperiencesCard[39m 
[36mfrom[39m 
[32m'@/components/ExperiencesCard'[39m
 [90m 3 |[39m [36mimport[39m 
[33mPropertyCard[39m [36mfrom[39m 
[32m'@/components/PropertyCard'[39m
 [90m 4 |[39m [36mimport[39m 
[33mStayCard[39m [36mfrom[39m 
[32m'@/components/StayCard'[39m[0m

Import map: aliased to relative 
'./src/components/CarCard' inside of 
[project]/


Import traces:
  Client Component Browser:
    ./src/app/(app)/(categories)/MapFixe
dSection.tsx [Client Component Browser]
    ./src/app/(app)/(categories)/(stay)/
stay-categories-map/[[...handle]]/Sectio
nGridHasMap.tsx [Client Component 
Browser]
    ./src/app/(app)/(categories)/(stay)/
stay-categories-map/[[...handle]]/Sectio
nGridHasMap.tsx [Server Component]
    ./src/app/(app)/(categories)/(stay)/
stay-categories-map/[[...handle]]/page.t
sx [Server Component]

  Client Component SSR:
    ./src/app/(app)/(categories)/MapFixe
dSection.tsx [Client Component SSR]
    ./src/app/(app)/(categories)/(stay)/
stay-categories-map/[[...handle]]/Sectio
nGridHasMap.tsx [Client Component SSR]
    ./src/app/(app)/(categories)/(stay)/
stay-categories-map/[[...handle]]/Sectio
nGridHasMap.tsx [Server Component]
    ./src/app/(app)/(categories)/(stay)/
stay-categories-map/[[...handle]]/page.t
sx [Server Component]

https://nextjs.org/docs/messages/module-
not-found


./src/app/(app)/(other-pages)/authors/[h
andle]/ListingTabs.tsx:3:1
Module not found: Can't resolve 
'@/components/CarCard'
[0m [90m 1 |[39m [32m'use 
client'[39m
 [90m 2 |[39m
[31m[1m>[22m[39m[90m 3 |[39m 
[36mimport[39m [33mCarCard[39m 
[36mfrom[39m 
[32m'@/components/CarCard'[39m
 [90m   |[39m [31m[1m^[22m[39m[31
m[1m^[22m[39m[31m[1m^[22m[39m[31
m[1m^[22m[39m[31m[1m^[22m[39m[31
m[1m^[22m[39m[31m[1m^[22m[39m[31
m[1m^[22m[39m[31m[1m^[22m[39m[31
m[1m^[22m[39m[31m[1m^[22m[39m[31
m[1m^[22m[39m[31m[1m^[22m[39m[31
m[1m^[22m[39m[31m[1m^[22m[39m[31
m[1m^[22m[39m[31m[1m^[22m[39m[31
m[1m^[22m[39m[31m[1m^[22m[39m[31
m[1m^[22m[39m[31m[1m^[22m[39m[31
m[1m^[22m[39m[31m[1m^[22m[39m[31
m[1m^[22m[39m[31m[1m^[22m[39m[31
m[1m^[22m[39m[31m[1m^[22m[39m[31
m[1m^[22m[39m[31m[1m^[22m[39m[31
m[1m^[22m[39m[31m[1m^[22m[39m[31
m[1m^[22m[39m[31m[1m^[22m[39m[31
m[1m^[22m[39m[31m[1m^[22m[39m[31
m[1m^[22m[39m[31m[1m^[22m[39m[31
m[1m^[22m[39m[31m[1m^[22m[39m[31
m[1m^[22m[39m[31m[1m^[22m[39m[31
m[1m^[22m[39m
 [90m 4 |[39m [36mimport[39m 
[33mExperiencesCard[39m 
[36mfrom[39m 
[32m'@/components/ExperiencesCard'[39m
 [90m 5 |[39m [36mimport[39m 
[33mPropertyCard[39m [36mfrom[39m 
[32m'@/components/PropertyCard'[39m
 [90m 6 |[39m [36mimport[39m 
[33mStayCard[39m [36mfrom[39m 
[32m'@/components/StayCard'[39m[0m

Import map: aliased to relative 
'./src/components/CarCard' inside of 
[project]/


Import trace:
  Server Component:
    ./src/app/(app)/(other-pages)/author
s/[handle]/ListingTabs.tsx
    ./src/app/(app)/(other-pages)/author
s/[handle]/page.tsx

https://nextjs.org/docs/messages/module-
not-found


./src/app/(app)/(categories)/MapFixedSec
tion.tsx:2:1
Module not found: Can't resolve 
'@/components/ExperiencesCard'
[0m [90m 1 |[39m [36mimport[39m 
[33mCarCard[39m [36mfrom[39m 
[32m'@/components/CarCard'[39m
[31m[1m>[22m[39m[90m 2 |[39m 
[36mimport[39m 
[33mExperiencesCard[39m 
[36mfrom[39m 
[32m'@/components/ExperiencesCard'[39m
 [90m   |[39m [31m[1m^[22m[39m[31
m[1m^[22m[39m[31m[1m^[22m[39m[31
m[1m^[22m[39m[31m[1m^[22m[39m[31
m[1m^[22m[39m[31m[1m^[22m[39m[31
m[1m^[22m[39m[31m[1m^[22m[39m[31
m[1m^[22m[39m[31m[1m^[22m[39m[31
m[1m^[22m[39m[31m[1m^[22m[39m[31
m[1m^[22m[39m[31m[1m^[22m[39m[31
m[1m^[22m[39m[31m[1m^[22m[39m[31
m[1m^[22m[39m[31m[1m^[22m[39m[31
m[1m^[22m[39m[31m[1m^[22m[39m[31
m[1m^[22m[39m[31m[1m^[22m[39m[31
m[1m^[22m[39m[31m[1m^[22m[39m[31
m[1m^[22m[39m[31m[1m^[22m[39m[31
m[1m^[22m[39m[31m[1m^[22m[39m[31
m[1m^[22m[39m[31m[1m^[22m[39m[31
m[1m^[22m[39m[31m[1m^[22m[39m[31
m[1m^[22m[39m[31m[1m^[22m[39m[31
m[1m^[22m[39m[31m[1m^[22m[39m[31
m[1m^[22m[39m[31m[1m^[22m[39m[31
m[1m^[22m[39m[31m[1m^[22m[39m[31
m[1m^[22m[39m[31m[1m^[22m[39m[31
m[1m^[22m[39m[31m[1m^[22m[39m[31
m[1m^[22m[39m[31m[1m^[22m[39m[31
m[1m^[22m[39m[31m[1m^[22m[39m[31
m[1m^[22m[39m[31m[1m^[22m[39m[31
m[1m^[22m[39m[31m[1m^[22m[39m[31
m[1m^[22m[39m[31m[1m^[22m[39m[31
m[1m^[22m[39m[31m[1m^[22m[39m[31
m[1m^[22m[39m
 [90m 3 |[39m [36mimport[39m 
[33mPropertyCard[39m [36mfrom[39m 
[32m'@/components/PropertyCard'[39m
 [90m 4 |[39m [36mimport[39m 
[33mStayCard[39m [36mfrom[39m 
[32m'@/components/StayCard'[39m
 [90m 5 |[39m [36mimport[39m { 
[33mTCarListing[39m[33m,[39m 
[33mTExperienceListing[39m[33m,[39m 
[33mTRealEstateListing[39m[33m,[39m 
[33mTStayListing[39m } [36mfrom[39m 
[32m'@/data/listings'[39m[0m

Import map: aliased to relative 
'./src/components/ExperiencesCard' 
inside of [project]/


Import traces:
  Client Component Browser:
    ./src/app/(app)/(categories)/MapFixe
dSection.tsx [Client Component Browser]
    ./src/app/(app)/(categories)/(stay)/
stay-categories-map/[[...handle]]/Sectio
nGridHasMap.tsx [Client Component 
Browser]
    ./src/app/(app)/(categories)/(stay)/
stay-categories-map/[[...handle]]/Sectio
nGridHasMap.tsx [Server Component]
    ./src/app/(app)/(categories)/(stay)/
stay-categories-map/[[...handle]]/page.t
sx [Server Component]

  Client Component SSR:
    ./src/app/(app)/(categories)/MapFixe
dSection.tsx [Client Component SSR]
    ./src/app/(app)/(categories)/(stay)/
stay-categories-map/[[...handle]]/Sectio
nGridHasMap.tsx [Client Component SSR]
    ./src/app/(app)/(categories)/(stay)/
stay-categories-map/[[...handle]]/Sectio
nGridHasMap.tsx [Server Component]
    ./src/app/(app)/(categories)/(stay)/
stay-categories-map/[[...handle]]/page.t
sx [Server Component]

https://nextjs.org/docs/messages/module-
not-found


./src/app/(app)/(other-pages)/authors/[h
andle]/ListingTabs.tsx:4:1
Module not found: Can't resolve 
'@/components/ExperiencesCard'
[0m [90m 2 |[39m
 [90m 3 |[39m [36mimport[39m 
[33mCarCard[39m [36mfrom[39m 
[32m'@/components/CarCard'[39m
[31m[1m>[22m[39m[90m 4 |[39m 
[36mimport[39m 
[33mExperiencesCard[39m 
[36mfrom[39m 
[32m'@/components/ExperiencesCard'[39m
 [90m   |[39m [31m[1m^[22m[39m[31
m[1m^[22m[39m[31m[1m^[22m[39m[31
m[1m^[22m[39m[31m[1m^[22m[39m[31
m[1m^[22m[39m[31m[1m^[22m[39m[31
m[1m^[22m[39m[31m[1m^[22m[39m[31
m[1m^[22m[39m[31m[1m^[22m[39m[31
m[1m^[22m[39m[31m[1m^[22m[39m[31
m[1m^[22m[39m[31m[1m^[22m[39m[31
m[1m^[22m[39m[31m[1m^[22m[39m[31
m[1m^[22m[39m[31m[1m^[22m[39m[31
m[1m^[22m[39m[31m[1m^[22m[39m[31
m[1m^[22m[39m[31m[1m^[22m[39m[31
m[1m^[22m[39m[31m[1m^[22m[39m[31
m[1m^[22m[39m[31m[1m^[22m[39m[31
m[1m^[22m[39m[31m[1m^[22m[39m[31
m[1m^[22m[39m[31m[1m^[22m[39m[31
m[1m^[22m[39m[31m[1m^[22m[39m[31
m[1m^[22m[39m[31m[1m^[22m[39m[31
m[1m^[22m[39m[31m[1m^[22m[39m[31
m[1m^[22m[39m[31m[1m^[22m[39m[31
m[1m^[22m[39m[31m[1m^[22m[39m[31
m[1m^[22m[39m[31m[1m^[22m[39m[31
m[1m^[22m[39m[31m[1m^[22m[39m[31
m[1m^[22m[39m[31m[1m^[22m[39m[31
m[1m^[22m[39m[31m[1m^[22m[39m[31
m[1m^[22m[39m[31m[1m^[22m[39m[31
m[1m^[22m[39m[31m[1m^[22m[39m[31
m[1m^[22m[39m[31m[1m^[22m[39m[31
m[1m^[22m[39m[31m[1m^[22m[39m[31
m[1m^[22m[39m
 [90m 5 |[39m [36mimport[39m 
[33mPropertyCard[39m [36mfrom[39m 
[32m'@/components/PropertyCard'[39m
 [90m 6 |[39m [36mimport[39m 
[33mStayCard[39m [36mfrom[39m 
[32m'@/components/StayCard'[39m
 [90m 7 |[39m [36mimport[39m {[0m

Import map: aliased to relative 
'./src/components/ExperiencesCard' 
inside of [project]/


Import trace:
  Server Component:
    ./src/app/(app)/(other-pages)/author
s/[handle]/ListingTabs.tsx
    ./src/app/(app)/(other-pages)/author
s/[handle]/page.tsx

https://nextjs.org/docs/messages/module-
not-found


./src/app/(app)/(categories)/MapFixedSec
tion.tsx:3:1
Module not found: Can't resolve 
'@/components/PropertyCard'
[0m [90m 1 |[39m [36mimport[39m 
[33mCarCard[39m [36mfrom[39m 
[32m'@/components/CarCard'[39m
 [90m 2 |[39m [36mimport[39m 
[33mExperiencesCard[39m 
[36mfrom[39m 
[32m'@/components/ExperiencesCard'[39m
[31m[1m>[22m[39m[90m 3 |[39m 
[36mimport[39m [33mPropertyCard[39m 
[36mfrom[39m 
[32m'@/components/PropertyCard'[39m
 [90m   |[39m [31m[1m^[22m[39m[31
m[1m^[22m[39m[31m[1m^[22m[39m[31
m[1m^[22m[39m[31m[1m^[22m[39m[31
m[1m^[22m[39m[31m[1m^[22m[39m[31
m[1m^[22m[39m[31m[1m^[22m[39m[31
m[1m^[22m[39m[31m[1m^[22m[39m[31
m[1m^[22m[39m[31m[1m^[22m[39m[31
m[1m^[22m[39m[31m[1m^[22m[39m[31
m[1m^[22m[39m[31m[1m^[22m[39m[31
m[1m^[22m[39m[31m[1m^[22m[39m[31
m[1m^[22m[39m[31m[1m^[22m[39m[31
m[1m^[22m[39m[31m[1m^[22m[39m[31
m[1m^[22m[39m[31m[1m^[22m[39m[31
m[1m^[22m[39m[31m[1m^[22m[39m[31
m[1m^[22m[39m[31m[1m^[22m[39m[31
m[1m^[22m[39m[31m[1m^[22m[39m[31
m[1m^[22m[39m[31m[1m^[22m[39m[31
m[1m^[22m[39m[31m[1m^[22m[39m[31
m[1m^[22m[39m[31m[1m^[22m[39m[31
m[1m^[22m[39m[31m[1m^[22m[39m[31
m[1m^[22m[39m[31m[1m^[22m[39m[31
m[1m^[22m[39m[31m[1m^[22m[39m[31
m[1m^[22m[39m[31m[1m^[22m[39m[31
m[1m^[22m[39m[31m[1m^[22m[39m[31
m[1m^[22m[39m[31m[1m^[22m[39m[31
m[1m^[22m[39m[31m[1m^[22m[39m[31
m[1m^[22m[39m
 [90m 4 |[39m [36mimport[39m 
[33mStayCard[39m [36mfrom[39m 
[32m'@/components/StayCard'[39m
 [90m 5 |[39m [36mimport[39m { 
[33mTCarListing[39m[33m,[39m 
[33mTExperienceListing[39m[33m,[39m 
[33mTRealEstateListing[39m[33m,[39m 
[33mTStayListing[39m } [36mfrom[39m 
[32m'@/data/listings'[39m
 [90m 6 |[39m [36mimport[39m { 
[33mButton[39m } [36mfrom[39m 
[32m'@/shared/Button'[39m[0m

Import map: aliased to relative 
'./src/components/PropertyCard' inside 
of [project]/


Import traces:
  Client Component Browser:
    ./src/app/(app)/(categories)/MapFixe
dSection.tsx [Client Component Browser]
    ./src/app/(app)/(categories)/(stay)/
stay-categories-map/[[...handle]]/Sectio
nGridHasMap.tsx [Client Component 
Browser]
    ./src/app/(app)/(categories)/(stay)/
stay-categories-map/[[...handle]]/Sectio
nGridHasMap.tsx [Server Component]
    ./src/app/(app)/(categories)/(stay)/
stay-categories-map/[[...handle]]/page.t
sx [Server Component]

  Client Component SSR:
    ./src/app/(app)/(categories)/MapFixe
dSection.tsx [Client Component SSR]
    ./src/app/(app)/(categories)/(stay)/
stay-categories-map/[[...handle]]/Sectio
nGridHasMap.tsx [Client Component SSR]
    ./src/app/(app)/(categories)/(stay)/
stay-categories-map/[[...handle]]/Sectio
nGridHasMap.tsx [Server Component]
    ./src/app/(app)/(categories)/(stay)/
stay-categories-map/[[...handle]]/page.t
sx [Server Component]

https://nextjs.org/docs/messages/module-
not-found


./src/app/(app)/(other-pages)/authors/[h
andle]/ListingTabs.tsx:5:1
Module not found: Can't resolve 
'@/components/PropertyCard'
[0m [90m 3 |[39m [36mimport[39m 
[33mCarCard[39m [36mfrom[39m 
[32m'@/components/CarCard'[39m
 [90m 4 |[39m [36mimport[39m 
[33mExperiencesCard[39m 
[36mfrom[39m 
[32m'@/components/ExperiencesCard'[39m
[31m[1m>[22m[39m[90m 5 |[39m 
[36mimport[39m [33mPropertyCard[39m 
[36mfrom[39m 
[32m'@/components/PropertyCard'[39m
 [90m   |[39m [31m[1m^[22m[39m[31
m[1m^[22m[39m[31m[1m^[22m[39m[31
m[1m^[22m[39m[31m[1m^[22m[39m[31
m[1m^[22m[39m[31m[1m^[22m[39m[31
m[1m^[22m[39m[31m[1m^[22m[39m[31
m[1m^[22m[39m[31m[1m^[22m[39m[31
m[1m^[22m[39m[31m[1m^[22m[39m[31
m[1m^[22m[39m[31m[1m^[22m[39m[31
m[1m^[22m[39m[31m[1m^[22m[39m[31
m[1m^[22m[39m[31m[1m^[22m[39m[31
m[1m^[22m[39m[31m[1m^[22m[39m[31
m[1m^[22m[39m[31m[1m^[22m[39m[31
m[1m^[22m[39m[31m[1m^[22m[39m[31
m[1m^[22m[39m[31m[1m^[22m[39m[31
m[1m^[22m[39m[31m[1m^[22m[39m[31
m[1m^[22m[39m[31m[1m^[22m[39m[31
m[1m^[22m[39m[31m[1m^[22m[39m[31
m[1m^[22m[39m[31m[1m^[22m[39m[31
m[1m^[22m[39m[31m[1m^[22m[39m[31
m[1m^[22m[39m[31m[1m^[22m[39m[31
m[1m^[22m[39m[31m[1m^[22m[39m[31
m[1m^[22m[39m[31m[1m^[22m[39m[31
m[1m^[22m[39m[31m[1m^[22m[39m[31
m[1m^[22m[39m[31m[1m^[22m[39m[31
m[1m^[22m[39m[31m[1m^[22m[39m[31
m[1m^[22m[39m[31m[1m^[22m[39m[31
m[1m^[22m[39m
 [90m 6 |[39m [36mimport[39m 
[33mStayCard[39m [36mfrom[39m 
[32m'@/components/StayCard'[39m
 [90m 7 |[39m [36mimport[39m {
 [90m 8 |[39m   
getCarListings[33m,[39m[0m

Import map: aliased to relative 
'./src/components/PropertyCard' inside 
of [project]/


Import trace:
  Server Component:
    ./src/app/(app)/(other-pages)/author
s/[handle]/ListingTabs.tsx
    ./src/app/(app)/(other-pages)/author
s/[handle]/page.tsx

https://nextjs.org/docs/messages/module-
not-found


    at <unknown> (./src/app/(app)/(categ
ories)/MapFixedSection.tsx:1:1)
    at <unknown> (https://nextjs.org/doc
s/messages/module-not-found)
    at <unknown> (./src/app/(app)/(other
-pages)/authors/[handle]/ListingTabs.tsx
:3:1)
    at <unknown> (https://nextjs.org/doc
s/messages/module-not-found)
    at <unknown> (./src/app/(app)/(categ
ories)/MapFixedSection.tsx:2:1)
    at <unknown> (https://nextjs.org/doc
s/messages/module-not-found)
    at <unknown> (./src/app/(app)/(other
-pages)/authors/[handle]/ListingTabs.tsx
:4:1)
    at <unknown> (https://nextjs.org/doc
s/messages/module-not-found)
    at <unknown> (./src/app/(app)/(categ
ories)/MapFixedSection.tsx:3:1)
    at <unknown> (https://nextjs.org/doc
s/messages/module-not-found)
    at <unknown> (./src/app/(app)/(other
-pages)/authors/[handle]/ListingTabs.tsx
:5:1)
    at <unknown> (https://nextjs.org/doc
s/messages/module-not-found)
